C51 COMPILER V9.60.7.0   1                                                                 06/03/2026 15:27:48 PAGE 1   


C51 COMPILER V9.60.7.0, COMPILATION OF MODULE 1
OBJECT MODULE PLACED IN .\Objects\1.obj
COMPILER INVOKED BY: C:\Keil_v5\C51\BIN\C51.EXE 1.c OPTIMIZE(8,SPEED) BROWSE DEBUG OBJECTEXTEND PRINT(.\Listings\1.lst) 
                    -TABS(2) OBJECT(.\Objects\1.obj)

line level    source

   1          #include<reg51.h>
   2          
   3          void main() {
   4   1        unsigned char x;
   5   1        while(1) {
   6   2          for(x = 0;x<255;x++)
   7   2          P0 = x;
   8   2          for (x = 255;x >255;x--)
   9   2          P0 = x;
  10   2        }
  11   1      }


MODULE INFORMATION:   STATIC OVERLAYABLE
   CODE SIZE        =     21    ----
   CONSTANT SIZE    =   ----    ----
   XDATA SIZE       =   ----    ----
   PDATA SIZE       =   ----    ----
   DATA SIZE        =   ----    ----
   IDATA SIZE       =   ----    ----
   BIT SIZE         =   ----    ----
END OF MODULE INFORMATION.


C51 COMPILATION COMPLETE.  0 WARNING(S),  0 ERROR(S)
