A51 MACRO ASSEMBLER  1                                                                    06/03/2026 20:45:34 PAGE     1


MACRO ASSEMBLER A51 V8.2.7.0
OBJECT MODULE PLACED IN .\Objects\1.obj
ASSEMBLER INVOKED BY: C:\Keil_v5\C51\BIN\A51.EXE 1.a51 SET(SMALL) DEBUG PRINT(.\Listings\1.lst) OBJECT(.\Objects\1.obj) EP

LOC  OBJ            LINE     SOURCE

0000                   1     ORG 0000h
                       2             
0000 7851              3             mov r0,#51h
0002 7902              4             mov r1,#02h
0004 E550              5             mov a,50h
0006 29                6             add a,r1
0007 F6                7             mov @r0,a
0008 80FE              8             loop:sjmp loop
                       9             end
                                     
A51 MACRO ASSEMBLER  1                                                                    06/03/2026 20:45:34 PAGE     2

SYMBOL TABLE LISTING
------ ----- -------


N A M E             T Y P E  V A L U E   ATTRIBUTES

LOOP . . . . . . .  C ADDR   0008H   A   


REGISTER BANK(S) USED: 0 


ASSEMBLY COMPLETE.  0 WARNING(S), 0 ERROR(S)
