A51 MACRO ASSEMBLER  1                                                                    06/03/2026 21:17:30 PAGE     1


MACRO ASSEMBLER A51 V8.2.7.0
OBJECT MODULE PLACED IN .\Objects\1.obj
ASSEMBLER INVOKED BY: C:\Keil_v5\C51\BIN\A51.EXE 1.a51 SET(SMALL) DEBUG PRINT(.\Listings\1.lst) OBJECT(.\Objects\1.obj) EP

LOC  OBJ            LINE     SOURCE

0000                   1     ORG 0000h
0000 7850              2             mov r0,#50h
0002 7960              3             mov r1,#60h
0004 E6                4             mov a,@r0
0005 FB                5             mov r3,a
0006 08                6             inc r0
0007 E6                7             back:mov a,@r0
0008 F7                8             mov @r1,a
0009 08                9             inc r0
000A 09               10             inc r1
000B DBFA             11             djnz r3,back
000D 80FE             12             loop:sjmp loop
                      13     end     
                                     
A51 MACRO ASSEMBLER  1                                                                    06/03/2026 21:17:30 PAGE     2

SYMBOL TABLE LISTING
------ ----- -------


N A M E             T Y P E  V A L U E   ATTRIBUTES

BACK . . . . . . .  C ADDR   0007H   A   
LOOP . . . . . . .  C ADDR   000DH   A   


REGISTER BANK(S) USED: 0 


ASSEMBLY COMPLETE.  0 WARNING(S), 0 ERROR(S)
