BL51 BANKED LINKER/LOCATER V6.22.4.0                                                    06/03/2026  21:17:30  PAGE 1


BL51 BANKED LINKER/LOCATER V6.22.4.0, INVOKED BY:
C:\KEIL_V5\C51\BIN\BL51.EXE .\Objects\1.obj TO .\Objects\1 PRINT (.\Listings\1.m51) RAMSIZE (256)


INPUT MODULES INCLUDED:
  .\Objects\1.obj (1)


LINK MAP OF MODULE:  .\Objects\1 (1)


            TYPE    BASE      LENGTH    RELOCATION   SEGMENT NAME
            -----------------------------------------------------

            * * * * * * *   D A T A   M E M O R Y   * * * * * * *
            REG     0000H     0008H     ABSOLUTE     "REG BANK 0"

            * * * * * * *   C O D E   M E M O R Y   * * * * * * *
            CODE    0000H     000FH     ABSOLUTE     



SYMBOL TABLE OF MODULE:  .\Objects\1 (1)

  VALUE           TYPE          NAME
  ----------------------------------

  -------         MODULE        1
  C:0007H         SYMBOL        BACK
  C:000DH         SYMBOL        LOOP
  C:0000H         LINE#         2
  C:0002H         LINE#         3
  C:0004H         LINE#         4
  C:0005H         LINE#         5
  C:0006H         LINE#         6
  C:0007H         LINE#         7
  C:0008H         LINE#         8
  C:0009H         LINE#         9
  C:000AH         LINE#         10
  C:000BH         LINE#         11
  C:000DH         LINE#         12
  -------         ENDMOD        1

******************************************************************************
* RESTRICTED VERSION WITH 0800H BYTE CODE SIZE LIMIT; USED: 000FH BYTE ( 0%) *
******************************************************************************

Program Size: data=8.0 xdata=0 code=15
LINK/LOCATE RUN COMPLETE.  0 WARNING(S),  0 ERROR(S)
