C51 COMPILER V9.60.7.0   1                                                                 06/03/2026 15:20:38 PAGE 1   


C51 COMPILER V9.60.7.0, COMPILATION OF MODULE 1
OBJECT MODULE PLACED IN .\Objects\1.obj
COMPILER INVOKED BY: C:\Keil_v5\C51\BIN\C51.EXE 1.c OPTIMIZE(8,SPEED) BROWSE DEBUG OBJECTEXTEND PRINT(.\Listings\1.lst) 
                    -TABS(2) OBJECT(.\Objects\1.obj)

line level    source

   1          #include<reg51.h>
   2          
   3          
   4          void delay(unsigned int time);
   5            void main(){
   6   1        while(1) {
   7   2          P0 = 0xFF;
   8   2          delay(5);
   9   2          P0 = 0x00;
  10   2          delay(1);
  11   2        }
  12   1        }
  13            
  14            void delay (unsigned int time) {
  15   1          unsigned int i,j;
  16   1          for(i = 0;i<time;i++){
  17   2          
  18   2            for(j = 0;j<1275;j++);
  19   2          }
  20   1          
  21   1        }


MODULE INFORMATION:   STATIC OVERLAYABLE
   CODE SIZE        =     53    ----
   CONSTANT SIZE    =   ----    ----
   XDATA SIZE       =   ----    ----
   PDATA SIZE       =   ----    ----
   DATA SIZE        =   ----    ----
   IDATA SIZE       =   ----    ----
   BIT SIZE         =   ----    ----
END OF MODULE INFORMATION.


C51 COMPILATION COMPLETE.  0 WARNING(S),  0 ERROR(S)
