BL51 BANKED LINKER/LOCATER V6.22.4.0                                                    06/03/2026  15:20:39  PAGE 1


BL51 BANKED LINKER/LOCATER V6.22.4.0, INVOKED BY:
C:\KEIL_V5\C51\BIN\BL51.EXE .\Objects\1.obj TO .\Objects\1 PRINT (.\Listings\1.m51) RAMSIZE (256)


MEMORY MODEL: SMALL


INPUT MODULES INCLUDED:
  .\Objects\1.obj (1)
  C:\KEIL_V5\C51\LIB\C51S.LIB (?C_STARTUP)


LINK MAP OF MODULE:  .\Objects\1 (1)


            TYPE    BASE      LENGTH    RELOCATION   SEGMENT NAME
            -----------------------------------------------------

            * * * * * * *   D A T A   M E M O R Y   * * * * * * *
            REG     0000H     0008H     ABSOLUTE     "REG BANK 0"
            IDATA   0008H     0001H     UNIT         ?STACK

            * * * * * * *   C O D E   M E M O R Y   * * * * * * *
            CODE    0000H     0003H     ABSOLUTE     
                    0003H     07FDH                  *** GAP ***
            CODE    0800H     0020H     UNIT         ?PR?_DELAY?1
            CODE    0820H     0015H     UNIT         ?PR?MAIN?1
            CODE    0835H     000CH     UNIT         ?C_C51STARTUP



OVERLAY MAP OF MODULE:   .\Objects\1 (1)


SEGMENT
  +--> CALLED SEGMENT
---------------------
?C_C51STARTUP
  +--> ?PR?MAIN?1

?PR?MAIN?1
  +--> ?PR?_DELAY?1



SYMBOL TABLE OF MODULE:  .\Objects\1 (1)

  VALUE           TYPE          NAME
  ----------------------------------

  -------         MODULE        1
  C:0000H         SYMBOL        _ICE_DUMMY_
  D:0080H         PUBLIC        P0
  C:0800H         PUBLIC        _delay
  C:0820H         PUBLIC        main
  -------         PROC          MAIN
  C:0820H         LINE#         5
  C:0820H         LINE#         6
BL51 BANKED LINKER/LOCATER V6.22.4.0                                                  06/03/2026  15:20:39  PAGE 2


  C:0820H         LINE#         7
  C:0823H         LINE#         8
  C:082AH         LINE#         9
  C:082DH         LINE#         10
  C:0833H         LINE#         11
  -------         ENDPROC       MAIN
  -------         PROC          _DELAY
  D:0006H         SYMBOL        time
  -------         DO            
  D:0004H         SYMBOL        i
  D:0002H         SYMBOL        j
  -------         ENDDO         
  C:0800H         LINE#         14
  C:0800H         LINE#         16
  C:080AH         LINE#         18
  C:0818H         LINE#         19
  C:081FH         LINE#         21
  -------         ENDPROC       _DELAY
  -------         ENDMOD        1

******************************************************************************
* RESTRICTED VERSION WITH 0800H BYTE CODE SIZE LIMIT; USED: 0035H BYTE ( 2%) *
******************************************************************************

Program Size: data=9.0 xdata=0 code=68
LINK/LOCATE RUN COMPLETE.  0 WARNING(S),  0 ERROR(S)
